<?xml version='1.0' encoding='utf-8'?>
<testsuites name="cocotb tests"><testsuite name="test_alu" errors="0" failures="0" skipped="0" tests="1" time="0.001" timestamp="2026-09-15T14:56:18.364978+00:00" hostname="Laptop24601"><testcase classname="test_alu" name="test_add" time="0.001"><properties><property name="cocotb" value="True" /><property name="random_seed" value="1789484178" /><property name="file" value="/home/tcowie1/RISCV/test/test_alu.py" /><property name="line" value="9" /><property name="sim_time_unit" value="ns" /><property name="sim_time_start" value="0.0" /><property name="sim_time_stop" value="1.0" /><property name="sim_time_duration" value="1.0" /><property name="sim_time_ratio" value="1256.8529916520513" /></properties></testcase></testsuite></testsuites>